github.com/aeroqual/spine/port/asyncport.go:34.44,36.2 1 1
github.com/aeroqual/spine/port/asyncport.go:41.91,43.2 1 0
github.com/aeroqual/spine/port/asyncport.go:49.67,54.2 1 3
github.com/aeroqual/spine/port/asyncport.go:60.118,68.2 3 0
github.com/aeroqual/spine/port/asyncport.go:71.32,73.2 1 0
github.com/aeroqual/spine/port/asyncport.go:77.54,78.16 1 3
github.com/aeroqual/spine/port/asyncport.go:81.2,81.26 1 2
github.com/aeroqual/spine/port/asyncport.go:84.2,87.31 4 2
github.com/aeroqual/spine/port/asyncport.go:78.16,80.3 1 1
github.com/aeroqual/spine/port/asyncport.go:81.26,83.3 1 2
github.com/aeroqual/spine/port/asyncport.go:91.37,93.2 1 2
github.com/aeroqual/spine/port/asyncport.go:96.39,98.2 1 0
github.com/aeroqual/spine/port/asyncport.go:100.52,102.12 2 8
github.com/aeroqual/spine/port/asyncport.go:126.2,126.13 1 8
github.com/aeroqual/spine/port/asyncport.go:102.12,104.19 2 8
github.com/aeroqual/spine/port/asyncport.go:107.3,108.7 2 6
github.com/aeroqual/spine/port/asyncport.go:104.19,106.4 1 2
github.com/aeroqual/spine/port/asyncport.go:108.7,111.13 3 11
github.com/aeroqual/spine/port/asyncport.go:116.4,116.18 1 6
github.com/aeroqual/spine/port/asyncport.go:111.13,115.5 3 7
github.com/aeroqual/spine/port/asyncport.go:116.18,117.27 1 1
github.com/aeroqual/spine/port/asyncport.go:117.27,122.6 4 1
github.com/aeroqual/spine/port/asyncport.go:129.71,132.12 3 8
github.com/aeroqual/spine/port/asyncport.go:159.2,159.19 1 8
github.com/aeroqual/spine/port/asyncport.go:132.12,137.7 5 8
github.com/aeroqual/spine/port/asyncport.go:137.7,138.11 1 95032
github.com/aeroqual/spine/port/asyncport.go:149.4,149.30 1 95028
github.com/aeroqual/spine/port/asyncport.go:154.4,154.39 1 95028
github.com/aeroqual/spine/port/asyncport.go:139.22,141.16 2 4615
github.com/aeroqual/spine/port/asyncport.go:142.29,143.21 1 90413
github.com/aeroqual/spine/port/asyncport.go:146.37,147.29 1 1
github.com/aeroqual/spine/port/asyncport.go:143.21,145.6 1 6
github.com/aeroqual/spine/port/asyncport.go:149.30,151.5 1 6533
github.com/aeroqual/spine/port/asyncport.go:151.10,153.5 1 88495
github.com/aeroqual/spine/port/asyncport.go:154.39,156.5 1 4
github.com/aeroqual/spine/port/asyncport.go:162.64,163.25 1 8
github.com/aeroqual/spine/port/asyncport.go:166.2,166.21 1 8
github.com/aeroqual/spine/port/asyncport.go:163.25,165.3 1 8
github.com/aeroqual/spine/port/asyncport.go:169.91,171.12 2 6
github.com/aeroqual/spine/port/asyncport.go:192.2,192.13 1 6
github.com/aeroqual/spine/port/asyncport.go:171.12,173.7 2 6
github.com/aeroqual/spine/port/asyncport.go:173.7,174.11 1 9
github.com/aeroqual/spine/port/asyncport.go:175.22,177.11 2 4
github.com/aeroqual/spine/port/asyncport.go:178.28,179.22 1 3
github.com/aeroqual/spine/port/asyncport.go:182.5,184.19 3 2
github.com/aeroqual/spine/port/asyncport.go:179.22,180.14 1 1
github.com/aeroqual/spine/port/asyncport.go:184.19,188.6 3 1
github.com/aeroqual/spine/port/asyncport.go:195.45,196.23 1 4629
github.com/aeroqual/spine/port/asyncport.go:196.23,198.3 1 0
github.com/aeroqual/spine/port/asyncport.go:201.83,204.2 2 2
github.com/aeroqual/spine/port/asyncport.go:212.35,214.25 2 0
github.com/aeroqual/spine/port/asyncport.go:220.2,220.47 1 0
github.com/aeroqual/spine/port/asyncport.go:224.2,224.12 1 0
github.com/aeroqual/spine/port/asyncport.go:214.25,219.3 2 0
github.com/aeroqual/spine/port/asyncport.go:220.47,223.3 2 0
github.com/aeroqual/spine/port/asyncport.go:227.37,229.2 1 1