github.com/codacy/pulse/modules/entity/src/internal/apiv1/api.go:31.101,35.16 3 1
github.com/codacy/pulse/modules/entity/src/internal/apiv1/api.go:39.2,39.41 1 1
github.com/codacy/pulse/modules/entity/src/internal/apiv1/api.go:47.2,47.41 1 1
github.com/codacy/pulse/modules/entity/src/internal/apiv1/api.go:56.2,58.71 2 1
github.com/codacy/pulse/modules/entity/src/internal/apiv1/api.go:62.2,62.18 1 1
github.com/codacy/pulse/modules/entity/src/internal/apiv1/api.go:35.16,38.3 2 1
github.com/codacy/pulse/modules/entity/src/internal/apiv1/api.go:39.41,46.3 2 1
github.com/codacy/pulse/modules/entity/src/internal/apiv1/api.go:47.41,54.3 2 1
github.com/codacy/pulse/modules/entity/src/internal/apiv1/api.go:58.71,60.3 1 1
github.com/codacy/pulse/modules/entity/src/internal/apiv1/api.go:70.104,72.9 2 1
github.com/codacy/pulse/modules/entity/src/internal/apiv1/api.go:76.2,76.60 1 1
github.com/codacy/pulse/modules/entity/src/internal/apiv1/api.go:81.2,82.16 2 1
github.com/codacy/pulse/modules/entity/src/internal/apiv1/api.go:92.2,92.15 1 1
github.com/codacy/pulse/modules/entity/src/internal/apiv1/api.go:96.2,96.12 1 1
github.com/codacy/pulse/modules/entity/src/internal/apiv1/api.go:72.9,74.3 1 0
github.com/codacy/pulse/modules/entity/src/internal/apiv1/api.go:76.60,78.3 1 1
github.com/codacy/pulse/modules/entity/src/internal/apiv1/api.go:82.16,90.3 2 1
github.com/codacy/pulse/modules/entity/src/internal/apiv1/api.go:92.15,94.3 1 1